// Jest Snapshot v1, https://goo.gl/fbAQLP

exports[`getMatrix should output expected matrix 1`] = `
Float32Array [
  0.49680978059768677,
  0.054700739681720734,
  -0.013706065714359283,
  0,
  -0.21556973457336426,
  1.9853273630142212,
  0.10956613719463348,
  0,
  0.13281750679016113,
  -0.2059156596660614,
  3.992487668991089,
  0,
  1,
  2,
  3,
  1,
]
`;
