// Jest Snapshot v1, https://goo.gl/fbAQLP

exports[`renders ErrorScreen component 1`] = `
<div>
  <div
    class="sc-bXdtCk hwBjWM"
  >
    <div>
      It's all gone wrong...try refresh.
    </div>
    <div
      class="sc-hKDTPf egyGzG"
    >
      Something went wrong
    </div>
  </div>
</div>
`;
