// Jest Snapshot v1, https://goo.gl/fbAQLP

exports[`renders FullscreenToggle component 1`] = `
<div>
  <div
    class="sc-aYaIB gABHKd"
  />
  ,
</div>
`;
