// Jest Snapshot v1, https://jestjs.io/docs/snapshot-testing

exports[`renders LoadingScreen component 1`] = `
<div>
  <div
    class="sc-bRKDuR eimafO"
  >
    Loading...
  </div>
</div>
`;
